Captured 2026-09-10 from inside the desktop container, by running the image's
own entrypoint as PID 1 but keeping the container alive so the output survives:

  entrypoint = ["/bin/sh", "-c"]
  command    = ["/dockerstartup/vnc_startup.sh --wait > /tmp/boot.log 2>&1; echo \"PID1_EXIT=$?\" >> /tmp/boot.log; sleep infinity"]

/tmp/boot.log  (9 lines, complete)
==================================
USER_ID: 1000, GROUP_ID: 0
nss_wrapper location: /usr/lib/libnss_wrapper.so

------------------ update chromium-browser.init ------------------

... set window size 1280 x 800 as chrome window size!

hostname: Temporary failure in name resolution
PID1_EXIT=1

The failing line, in the image's own startup script
===================================================
$ grep -n 'hostname\|set -e' /dockerstartup/vnc_startup.sh
3:set -e
63:VNC_IP=$(hostname -i)

Line 63 asks the container for its own IP. There is no network yet, so it fails.
Line 3's `set -e` turns that into an immediate exit 1. The container dies, its
network namespace goes away, and the CNI chain then reports the Statfs error the
author actually sees.

Why it works when run by hand
=============================
Running the exact same script from a terminal in a healthy sandbox succeeds:

  VNCSERVER started on DISPLAY= :1
  => connect via VNC viewer with 10.0.250.2:5901

By then the container is on the network, so `hostname -i` resolves. That is why
the image looks fine on inspection and only fails at boot.

Corroborating platform timings (session 15b4qgmajzkk)
=====================================================
11:20:09.956  Creating Docker Container      [desktop]
11:20:11.587  Attaching container to CNI network      <- 1.631s later

The container process runs for ~1.6s with no network before the attach begins.
